// Jest Snapshot v1, https://goo.gl/fbAQLP

exports[`lib/riw/app/status/todo 01 1`] = `
Object {
  "todo": null,
}
`;

exports[`lib/riw/app/status/todo 02 1`] = `
Object {
  "todo": Object {
    "xx-xx": Array [
      Object {
        "defaultMessage": "aa",
        "description": "aa desc",
        "file": "/foo/bar.js",
        "id": "md1",
        "locale": "xx-xx",
      },
      Object {
        "defaultMessage": "bb",
        "description": "bb desc",
        "file": "/foo/bar.js",
        "id": "md2",
        "locale": "xx-xx",
      },
    ],
    "yy-yy": Array [
      Object {
        "defaultMessage": "aa",
        "description": "aa desc",
        "file": "/foo/bar.js",
        "id": "md1",
        "locale": "yy-yy",
      },
    ],
    "zz-zz": Array [
      Object {
        "defaultMessage": "aa",
        "description": "aa desc",
        "file": "/foo/bar.js",
        "id": "md1",
        "locale": "zz-zz",
      },
      Object {
        "defaultMessage": "cc",
        "description": "cc desc",
        "file": "/foo/bar.js",
        "id": "md3",
        "locale": "zz-zz",
      },
      Object {
        "defaultMessage": "dd",
        "file": "/foo/bar.js",
        "id": "md4",
        "locale": "zz-zz",
      },
    ],
  },
}
`;
