// Jest Snapshot v1, https://goo.gl/fbAQLP

exports[`lib/riw/project/translate/findDuplicateIds 01 1`] = `Array []`;

exports[`lib/riw/project/translate/findDuplicateIds 02 1`] = `Array []`;

exports[`lib/riw/project/translate/findDuplicateIds 03 1`] = `
Array [
  Object {
    "arfabs": Array [
      "a",
      "aa",
    ],
    "id": "a.1",
  },
  Object {
    "arfabs": Array [
      "b",
      "bb",
      "bbb",
    ],
    "id": "b.2",
  },
]
`;
